Script started on 2015年03月10日 (週二) 17時34分42秒
]0;F74031116@2015cpp: ~F74031116@2015cpp:~$ git clone https://github.com/ORay0919/lab1.git[C[C[C[C[C[C[C[C[C[C[C[C[C[C[C[C[C[C[C[C[C[28Pscript lab1.script[5Pgit config -l[K --global user.email "F74031116@mail.ncku.edu.tw" [A[C[C[C[C[C[C[C[C[C[C[C[C[C[C[C[C[C[C[C[C[C[C[C[C[C[C[C[C[C[C[C[C[C[C[C[C[C[C[C[C[C[C[C[C[C[C[19Pname "ORay0919"
[K[A[C[C[C[C[C[C[C[C[C[C[C[C[C[C[C[C[C[C[C[C[C[C[C[C[C[C[C[C[C[C[C[C[C[C[C[C[C[C[C[C[C[C[C[C[C[C[C[C[C[C[C[C[C[C[C[C[C[C[C[C[C[C[C[C[C[C[C[C[C[C[C[C[C[C[C[C[C[C[C[C[C[C[C[C[C[C[Clone https://github.com/ORay0919/lab1.git[C[C[C[C[C[C[C[C[C[C[C[C[C[C[C[C[C[C[C[C[C[C[C[C[C[C[C[C[C[C[Konfig -l~vim[Kwhoami;pwd pwd
F74031116
/home/F74031116
]0;F74031116@2015cpp: ~F74031116@2015cpp:~$ whoami; pwdgit clone https://github.com/ORay0919/lab1.git[C[C[C[C[C[C[C[C[C[C[C[C[C[C[C[C[C[C[C[C[C[28Pscript lab1.script[5Pgit config -l[K --global user.email "F74031116@mail.ncku.edu.tw" [A[C[C[C[C[C[C[C[C[C[C[C[C[C[C[C[C[C[C[C[C[C[C[C[C[C[C[C[C[C[C[C[C[C[C[C[C[C[C[C[C[C[C[C[C[C[C[19Pname "ORay0919"
[K[A[C[C[C[C[C[C[C[C[C[C[C[C[C[C[C[C[C[C[C[C[C[C[C[C[C[C[C[C[C[C[C[C[C[C[C[C[C[C[C[C[C[C[C[C[C[C[C[C[C[C[C[C[C[C[C[C[C[C[C[C[C[C[C[C[C[C[C[C[C[C[C[C[C[C[C[C[C[C[C[C[C[C[C[C[C[C[Clone https://github.com/ORay0919/lab1.git[C[C[C[C[C[C[C[C[C[C[C[C[C[C[C[C[C[C[C[C[C[C[C[C[C[C[C[C[C[C[K https://github.com/ORay0919/lab1.git[C[C[C[C[C[C[C[C[C[C[C[C[C[C[C[C[C[C[C[C[C[C[C[C[C[C[6Ponfig --global user.name "ORay0919"email "F74031116@mail.ncku.edu.tw" [A[C[C[C[C[C[C[C[C[C[C[C[C[C[C[C[C[C[C[C[C[C[C[C[C[C[C[C[C[C[C[C[K
[K[A[C[C[C[C[C[C[C[C[C[C[C[C[C[C[C[C[C[C[C[C[C[C[C[C[C[C[C[C[C[C[C -l
user.name=ORay0919
user.email=F74031116@mail.ncku.edu.tw
]0;F74031116@2015cpp: ~F74031116@2015cpp:~$ git config -l[2Pwhoami; pwdgit clone https://github.com/ORay0919/lab1.git[C[C[C[C[C[C[C[C[C[C[C[C[C[C[C[C[C[C[C[C[C[28Pscript lab1.scriptgit clone https://github.com/ORay0919/lab1.git
fatal: destination path 'lab1' already exists and is not an empty directory.
]0;F74031116@2015cpp: ~F74031116@2015cpp:~$ git clone https://github.com/ORay0919/lab1.git[C[C[C[C[C[C[C[C[C[C[C[C[C[C[C[C[C[C[C[C[C[C[C[C[C[Config -l[K[2Pwhoami; pwdgit clone https://github.com/ORay0919/lab1.git[C[C[C[C[C[C[C[C[C[C[C[C[C[C[C[C[C[C[C[C[C[28Pscript lab1.script[5Pgit config -l[K --global user.email "F74031116@mail.ncku.edu.tw" [A[C[C[C[C[C[C[C[C[C[C[C[C[C[C[C[C[C[C[C[C[C[C[C[C[C[C[C[C[C[C[C[C[C[C[C[C[C[C[C[C[C[C[C[C[C[C[19Pname "ORay0919"
[K[A[C[C[C[C[C[C[C[C[C[C[C[C[C[C[C[C[C[C[C[C[C[C[C[C[C[C[C[C[C[C[C[C[C[C[C[C[C[C[C[C[C[C[C[C[C[C[C[C[C[C[C[C[C[C[C[C[C[C[C[C[C[C[C[C[C[C[C[C[C[C[C[C[C[C[C[C[C[C[C[C[C[C[C[C[C[C[Clone https://github.com/ORay0919/lab1.git[C[C[C[C[C[C[C[C[C[C[C[C[C[C[C[C[C[C[C[C[C[C[C[C[C[C[C[C[C[C[Konfig -l~vim[Kwhoami;pwd[K[K[K[K[K[K[K[K[K[Kcat lab1.script
]0;F74031116@2015cpp: ~F74031116@2015cpp:~$ mv lab1.script lab1
]0;F74031116@2015cpp: ~F74031116@2015cpp:~$ mv lab1.script lab1[4Pcat lab1.scriptgit clone https://github.com/ORay0919/lab1.git[C[C[C[C[C[C[C[C[C[C[C[C[C[C[C[C[C[C[C[C[C[C[C[C[C[Config -l[K[2Pwhoami; pwdgit clone https://github.com/ORay0919/lab1.git[C[C[C[C[C[C[C[C[C[C[C[C[C[C[C[C[C[C[C[C[Cwhoami; pwd[Kgit config -l
user.name=ORay0919
user.email=F74031116@mail.ncku.edu.tw
]0;F74031116@2015cpp: ~F74031116@2015cpp:~$ 
]0;F74031116@2015cpp: ~F74031116@2015cpp:~$ 
]0;F74031116@2015cpp: ~F74031116@2015cpp:~$ 
]0;F74031116@2015cpp: ~F74031116@2015cpp:~$ 
]0;F74031116@2015cpp: ~F74031116@2015cpp:~$ 
]0;F74031116@2015cpp: ~F74031116@2015cpp:~$ git config -l
user.name=ORay0919
user.email=F74031116@mail.ncku.edu.tw
]0;F74031116@2015cpp: ~F74031116@2015cpp:~$ git config -l
user.name=ORay0919
user.email=F74031116@mail.ncku.edu.tw
]0;F74031116@2015cpp: ~F74031116@2015cpp:~$ 
]0;F74031116@2015cpp: ~F74031116@2015cpp:~$ 
]0;F74031116@2015cpp: ~F74031116@2015cpp:~$ 
]0;F74031116@2015cpp: ~F74031116@2015cpp:~$ 
]0;F74031116@2015cpp: ~F74031116@2015cpp:~$ 
]0;F74031116@2015cpp: ~F74031116@2015cpp:~$ 
]0;F74031116@2015cpp: ~F74031116@2015cpp:~$ 
]0;F74031116@2015cpp: ~F74031116@2015cpp:~$ 
]0;F74031116@2015cpp: ~F74031116@2015cpp:~$ 
]0;F74031116@2015cpp: ~F74031116@2015cpp:~$ 
]0;F74031116@2015cpp: ~F74031116@2015cpp:~$ 
]0;F74031116@2015cpp: ~F74031116@2015cpp:~$ 
]0;F74031116@2015cpp: ~F74031116@2015cpp:~$ 
]0;F74031116@2015cpp: ~F74031116@2015cpp:~$ 
]0;F74031116@2015cpp: ~F74031116@2015cpp:~$ 
]0;F74031116@2015cpp: ~F74031116@2015cpp:~$ 
]0;F74031116@2015cpp: ~F74031116@2015cpp:~$ 
]0;F74031116@2015cpp: ~F74031116@2015cpp:~$ git config -lmv lab1.script lab1[4Pcat lab1.script[K[K[K[K[K[K[K[K[K[K[K[K[K[K[Kgit ststus
git: 'ststus' is not a git command. See 'git --help'.

Did you mean this?
	status
]0;F74031116@2015cpp: ~F74031116@2015cpp:~$ git ststus[1Ptusatus
fatal: Not a git repository (or any of the parent directories): .git
]0;F74031116@2015cpp: ~F74031116@2015cpp:~$ git add lab1.script
fatal: Not a git repository (or any of the parent directories): .git
]0;F74031116@2015cpp: ~F74031116@2015cpp:~$ cd la[K[K[K[K[Ks[Kls
[0m[01;34mlab1[0m
]0;F74031116@2015cpp: ~F74031116@2015cpp:~$ cd lab1
]0;F74031116@2015cpp: ~/lab1F74031116@2015cpp:~/lab1$ ;[Kls
lab1.script
]0;F74031116@2015cpp: ~/lab1F74031116@2015cpp:~/lab1$ 
]0;F74031116@2015cpp: ~/lab1F74031116@2015cpp:~/lab1$ 
]0;F74031116@2015cpp: ~/lab1F74031116@2015cpp:~/lab1$ cd
]0;F74031116@2015cpp: ~F74031116@2015cpp:~$ cdlscd lab1
]0;F74031116@2015cpp: ~/lab1F74031116@2015cpp:~/lab1$ cd lab1[Klscd lab1ls[Kgit add lab1.script[9Pstatusadd lab1.script
]0;F74031116@2015cpp: ~/lab1F74031116@2015cpp:~/lab1$ git status
# On branch master
#
# Initial commit
#
# Changes to be committed:
#   (use "git rm --cached <file>..." to unstage)
#
#	new file:   lab1.script
#
]0;F74031116@2015cpp: ~/lab1F74031116@2015cpp:~/lab1$ git commit
[?1049h[?1h=[1;24r[?12;25h[?12l[?25h[27m[m[H[2J[?25l[24;1H".git/COMMIT_EDITMSG" 12L, 282C[>c[2;1H[34m# Please enter the commit message for your changes. Lines starting
# with '#' will be ignored, and an empty message aborts the commit.
# On branch [m[35mmaster[m
[34m#
# Initial commit
#
# [m[35mChanges to be committed:[m
[34m#   (use "git rm --cached <file>..." to unstage)
#
#       [m[32mnew file[m[34m: [m[31m  lab1.script[m
[34m#[m
[1m[34m~                                                                               [14;1H~                                                                               [15;1H~                                                                               [16;1H~                                                                               [17;1H~                                                                               [18;1H~                                                                               [19;1H~                                                                               [20;1H~                                                                               [21;1H~                                                                               [22;1H~                                                                               [23;1H~                                                                               [m[24;63H1,0-1[8C全部[1;1H[?12l[?25h[?25l[24;1H[1m-- 插入 --[m[24;11H[K[24;63H1,1[10C頂端[1;23r[1;1H[L[1;24r[24;63H[K[24;63H1,1[10C全部[1;1H[?12l[?25h[?25l[33mM[m[24;65H2[1;2H[?12l[?25h[?25l[33mME[m[24;65H3[1;3H[?12l[?25h[?25l[1;2H[K[24;65H2[1;2H[?12l[?25h[?25l[1;1H[K[24;65H1[1;1H[?12l[?25h[?25l[33mH[m[24;65H2[1;2H[?12l[?25h[?25l[33mHP[m[24;65H3[1;3H[?12l[?25h[?25l[1;2H[K[24;65H2[1;2H[?12l[?25h[?25l[33mHO[m[24;65H3[1;3H[?12l[?25h[?25l[33mOW[m[24;65H4[1;4H[?12l[?25h[?25l[1;3H[K[24;65H3[1;3H[?12l[?25h[?25l[33mOM[m[24;65H4[1;4H[?12l[?25h[?25l[33mME[m[24;65H5[1;5H[?12l[?25h[?25l[33mEW[m[24;65H6[1;6H[?12l[?25h[?25l[33mWO[m[24;65H7[1;7H[?12l[?25h[?25l[33mOR[m[24;65H8[1;8H[?12l[?25h[?25l[33mRK[m[24;65H9[1;9H[?12l[?25h[24;1H[K[?25l[24;63H1,8[10C全部[1;8H[?12l[?25h[?25l[24;1H[1m-- 插入 --[m[24;63H[K[24;63H1,1[10C頂端[1;23r[1;1H[L[1;24r[1;1H[33mq[m
[1m[37m[41mHOMEWORK[m[24;63H[K[24;63H1,2[10C全部[1;2H[?12l[?25h[?25l[33m [m[24;65H3[1;3H[?12l[?25h[24;1H[K[?25l[24;63H1,2[10C全部[1;2H[?12l[?25h[?25l[24;1H[1m-- 插入 --[m[24;63H[K[24;63H1,1[10C頂端[1;23r[1;1H[L[1;24r[1;1H[33ms[m
[1m[37m[41mq [m
HOMEWORK[24;63H[K[24;63H1,2[10C全部[1;2H[?12l[?25h[?25l[33ms<F2>[m[24;65H6[1;6H[?12l[?25h[24;1H[K[?25l[24;63H1,5[10C全部[1;5H[?12l[?25h[?25l[24;1H[1m-- 插入 --[m[24;63H[K[24;63H1,1[10C頂端[1;23r[1;1H[L[1;24r[1;1H[33mq[m
[1m[37m[41ms<F2>[m
q [24;63H[K[24;63H1,2[10C全部[1;2H[?12l[?25h[24;1H[K[?25l[24;63H1,1[10C全部[1;1H[?12l[?25h[?25l[24;1H[1m-- 插入 --[m[24;63H[K[24;63H1,1[10C頂端[1;23r[1;1H[L[1;24r[1;1H[33mp[m
[1m[37m[41mq[m
s<F2>[24;63H[K[24;63H1,2[10C全部[1;2H[?12l[?25h[?25l[1;1H[K[2;1Hq[24;65H1[1;1H[?12l[?25h[24;1H[K[?25l[24;63H1,0-1[8C全部[1;1H[?12l[?25h[?25l[24;1H[1m-- 插入 --[m[24;63H[K[24;63H1,1[10C頂端[1;23r[1;1H[L[1;24r[1;1H[33ms[m[24;63H[K[24;63H1,2[10C全部[1;2H[?12l[?25h[?25l[1;1H[K[24;65H1[1;1H[?12l[?25h[?25l[24;63H2[2;1H[?12l[?25h[?25l[24;63H3[3;1H[?12l[?25h[?25l[24;63H4[4;1H[?12l[?25h[?25l[24;63H5[5;1H[?12l[?25h[?25l[24;63H6[6;1H[?12l[?25h[?25l[24;65H2[6;2H[?12l[?25h[?25l[24;65H3[6;3H[?12l[?25h[?25l[24;65H4[6;4H[?12l[?25h[?25l[24;65H5[6;5H[?12l[?25h[?25l[24;65H6[6;6H[?12l[?25h[?25l[24;65H7[6;7H[?12l[?25h[?25l[24;65H8[6;8H[?12l[?25h[?25l[24;65H9[6;9H[?12l[?25h[?25l[24;65H8[6;8H[?12l[?25h[?25l[24;63H5,3[5;3H[?12l[?25h[?25l[24;65H2[5;2H[?12l[?25h[?25l[5;1H[K[24;65H1[5;1H[?12l[?25h[?25l[4;23r[23;1H
[1;24r[4;1Hs<F2>[23;1H[1m[34m~                                                                               [m[24;63H[K[24;63H4,6[10C全部[4;6H[?12l[?25h[?25l[4;5H[K[24;65H5[4;5H[?12l[?25h[?25l[4;4H[K[24;65H4[4;4H[?12l[?25h[?25l[4;3H[K[24;65H3[4;3H[?12l[?25h[?25l[4;2H[K[24;65H2[4;2H[?12l[?25h[?25l[4;1H[K[24;65H1[4;1H[?12l[?25h[?25l[3;23r[23;1H
[1;24r[3;1Hq[23;1H[1m[34m~                                                                               [m[24;63H[K[24;63H3,2[10C全部[3;2H[?12l[?25h[?25l[3;1H[K[24;65H1[3;1H[?12l[?25h[?25l[2;23r[23;1H
[1;24r[23;1H[1m[34m~                                                                               [m[24;63H[K[24;63H2,1[10C全部[2;1H[?12l[?25h[?25l[1;23r[23;1H
[1;